******************************************************************************
              TMS320C55x Linker PC v4.3.8                      
******************************************************************************
>> Linked Tue Apr 17 01:31:07 2018

OUTPUT FILE NAME:   <Filter_RJ.out>
ENTRY POINT SYMBOL: "_c_int00"  address: 0000aedd


MEMORY CONFIGURATION

         name            origin    length      used     unused   attr    fill
                        (bytes)   (bytes)    (bytes)   (bytes)
----------------------  --------  ---------  --------  --------  ----  --------
  DARAM                 000000c0   0000fe40  0000b987  000044b9  RWIX
  VECT                  0000ff00   00000100  00000100  00000000  RWIX
  SARAM                 00010000   00040000  00000000  00040000  RWIX


SECTION ALLOCATION MAP
(Addresses surrounded by []'s are displayed for convenience only!)

output                                                          attributes/
section   page  orgn(bytes) orgn(words) len(bytes) len(words)   input sections
--------  ----  ----------- ----------- ---------- ----------   --------------
.vers        0   [ 00000000 ]  00000000          *   00000040   COPY SECTION
                 [ 00000000 ]  00000000          *   00000040   Filter_RJcfg.obj (.vers)

.prd         0   [ 000000c0 ]  00000060          *   00000000   UNINITIALIZED

.text        0     000000c0  [ 00000060 ] 00003cba          *   
                   000000c0  [ 00000060 ] 00001598          *   rts55x.lib : _printfi.obj (.text)
                   00001658  [ 00000b2c ] 00000543          *              : lowlev.obj (.text)
                   00001b9b  [ 00000dcd+] 00000528          *              : trgdrv.obj (.text)
                   000020c3  [ 00001061+] 0000036c          *              : divd.obj (.text)
                   0000242f  [ 00001217+] 0000027f          *              : fopen.obj (.text)
                   000026ae  [ 00001357 ] 0000025e          *              : llmpy.obj (.text)
                   0000290c  [ 00001486 ] 00000259          *              : addd.obj (.text)
                   00002b65  [ 000015b2+] 000001ea          *              : cmpd.obj (.text)
                   00002d4f  [ 000016a7+] 00000163          *              : fputs.obj (.text)
                   00002eb2  [ 00001759 ] 0000014c          *              : mpyd.obj (.text)
                   00002ffe  [ 000017ff ] 000000e6          *              : setvbuf.obj (.text)
                   000030e4  [ 00001872 ] 000000dd          *              : _io_perm.obj (.text)
                   000031c1  [ 000018e0+] 000000c8          *              : frcmpyd_div.obj (.text)
                   00003289  [ 00001944+] 000000c2          *              : fflush.obj (.text)
                   0000334b  [ 000019a5+] 000000ba          *              : trgmsg.obj (.text:CIO_breakpoint)
                   00003405  [ 00001a02+] 000000a6          *              : fputc.obj (.text)
                   000034ab  [ 00001a55+] 000000a1          *              : divul.obj (.text)
                   0000354c  [ 00001aa6 ] 0000007d          *              : ltoa.obj (.text)
                   000035c9  [ 00001ae4+] 0000007b          *              : fclose.obj (.text)
                   00003644  [ 00001b22 ] 00000076          *              : frcmpyd.obj (.text)
                   000036ba  [ 00001b5d ] 00000075          *              : sinit.obj (.text)
                   0000372f  [ 00001b97+] 00000072          *              : remul.obj (.text)
                   000037a1  [ 00001bd0+] 0000006f          *              : atexit.obj (.text)
                   00003810  [ 00001c08 ] 0000006f          *              : fixdli.obj (.text)
                   0000387f  [ 00001c3f+] 0000006d          *              : trgmsg.obj (.text)
                   000038ec  [ 00001c76 ] 0000006b          *              : fseek.obj (.text)
                   00003957  [ 00001cab+] 00000067          *              : fltlid.obj (.text)
                   000039be  [ 00001cdf ] 00000002          *   --HOLE-- [fill = 20]
                   000039c0  [ 00001ce0 ] 0000005c          *   bios.a55L : tsk_stup.o55L (.text)
                   00003a1c  [ 00001d0e ] 0000005c          *   rts55x.lib : atoi.obj (.text)
                   00003a78  [ 00001d3c ] 0000005a          *   rtdxsimx.lib : simbuf.o55L (.text:_RTDX_Buffer_WriteCB)
                   00003ad2  [ 00001d69 ] 00000059          *   filter_rj.obj (.text)
                   00003b2b  [ 00001d95+] 00000050          *   rts55x.lib : printf.obj (.text)
                   00003b7b  [ 00001dbd+] 0000004b          *              : remli.obj (.text)
                   00003bc6  [ 00001de3 ] 00000048          *              : divli.obj (.text)
                   00003c0e  [ 00001e07 ] 0000003f          *              : memcpy.obj (.text)
                   00003c4d  [ 00001e26+] 0000003e          *              : exit.obj (.text)
                   00003c8b  [ 00001e45+] 0000002a          *              : fixdi.obj (.text)
                   00003cb5  [ 00001e5a+] 0000002a          *              : udiv.obj (.text)
                   00003cdf  [ 00001e6f+] 00000023          *              : memccpy.obj (.text)
                   00003d02  [ 00001e81 ] 0000001c          *              : isinf.obj (.text)
                   00003d1e  [ 00001e8f ] 00000014          *              : subd.obj (.text)
                   00003d32  [ 00001e99 ] 00000013          *              : lmpy.obj (.text)
                   00003d45  [ 00001ea2+] 00000012          *              : _lock.obj (.text)
                   00003d57  [ 00001eab+] 00000010          *              : negd.obj (.text)
                   00003d67  [ 00001eb3+] 0000000a          *              : remove.obj (.text)
                   00003d71  [ 00001eb8+] 00000007          *              : exit.obj (.text:CIO_breakpoint)
                   00003d78  [ 00001ebc ] 00000002          *   --HOLE-- [fill = 20]

.data        0   [ 000000c0 ]  00000060          *   00000000   UNINITIALIZED

.mem         0   [ 00003d7a ]  00001ebd          *   00000001   UNINITIALIZED
                 [ 00003d7a ]  00001ebd          *   00000001   Filter_RJcfg.obj (.mem)

.bios        0     00003d7c  [ 00001ebe ] 000024c0          *   
                   00003d7c  [ 00001ebe ] 000003d4          *   bios.a55L : swi.o55L (.bios)
                   00004150  [ 000020a8 ] 000003a3          *   lnkrtdx.a55L : rtdx.o55L (.bios)
                   000044f3  [ 00002279+] 0000035f          *   bios.a55L : hwi_disp_asm.o55L (.bios)
                   00004852  [ 00002429 ] 00000002          *   --HOLE-- [fill = 20]
                   00004854  [ 0000242a ] 0000018b          *             : sem_pend.o55L (.bios)
                   000049df  [ 000024ef+] 00000186          *             : prd.o55L (.bios)
                   00004b65  [ 000025b2 ] 00000003          *   --HOLE-- [fill = 20]
                   00004b68  [ 000025b4 ] 00000185          *             : knl_run.o55L (.bios)
                   00004ced  [ 00002676 ] 00000003          *   --HOLE-- [fill = 20]
                   00004cf0  [ 00002678 ] 00000175          *             : mem_free.o55L (.bios:.near)
                   00004e65  [ 00002732 ] 00000003          *   --HOLE-- [fill = 20]
                   00004e68  [ 00002734 ] 00000170          *             : malloc.o55L (.bios)
                   00004fd8  [ 000027ec ] 00000144          *             : knl_tick.o55L (.bios)
                   0000511c  [ 0000288e ] 00000130          *             : rta.o55L (.bios)
                   0000524c  [ 00002926 ] 0000012d          *             : mem_allo.o55L (.bios:.near)
                   00005379  [ 000029bc+] 00000119          *             : pip.o55L (.bios)
                   00005492  [ 00002a49 ] 0000010e          *             : knl_swit.o55L (.bios)
                   000055a0  [ 00002ad0 ] 00000104          *             : sem_dopo.o55L (.bios)
                   000056a4  [ 00002b52 ] 000000f8          *             : tsk_exit.o55L (.bios)
                   0000579c  [ 00002bce ] 000000f6          *             : tsk_setu.o55L (.bios)
                   00005892  [ 00002c49 ] 00000002          *   --HOLE-- [fill = 20]
                   00005894  [ 00002c4a ] 000000bf          *             : tsk_stup.o55L (.bios)
                   00005953  [ 00002ca9+] 000000a2          *             : c55_c.o55L (.bios)
                   000059f5  [ 00002cfa ] 00000003          *   --HOLE-- [fill = 20]
                   000059f8  [ 00002cfc ] 00000094          *   bios5505.a55L : clk5505_start.o55L (.bios)
                   00005a8c  [ 00002d46 ] 00000092          *                 : clk5505_isr.o55L (.bios)
                   00005b1e  [ 00002d8f ] 0000008d          *   bios.a55L : knl_chec.o55L (.bios)
                   00005bab  [ 00002dd5 ] 00000001          *   --HOLE-- [fill = 20]
                   00005bac  [ 00002dd6 ] 00000087          *   bios5505.a55L : clk5505_htime.o55L (.bios)
                   00005c33  [ 00002e19+] 00000082          *   bios.a55L : sem_post_asm.o55L (.bios)
                   00005cb5  [ 00002e5a ] 00000003          *   --HOLE-- [fill = 20]
                   00005cb8  [ 00002e5c ] 00000068          *   bios5505.a55L : clk5505_meas.o55L (.bios)
                   00005d20  [ 00002e90 ] 0000005f          *   bios.a55L : knl_exit.o55L (.bios)
                   00005d7f  [ 00002ebf ] 00000001          *   --HOLE-- [fill = 20]
                   00005d80  [ 00002ec0 ] 0000005b          *             : knl_ipos.o55L (.bios)
                   00005ddb  [ 00002eed ] 00000001          *   --HOLE-- [fill = 20]
                   00005ddc  [ 00002eee ] 00000058          *             : lck.o55L (.bios)
                   00005e34  [ 00002f1a ] 00000051          *             : log.o55L (.bios)
                   00005e85  [ 00002f42+] 0000004e          *             : sem_pend_counting.o55L (.bios)
                   00005ed3  [ 00002f69 ] 00000001          *   --HOLE-- [fill = 20]
                   00005ed4  [ 00002f6a ] 00000048          *             : sem_post.o55L (.bios)
                   00005f1c  [ 00002f8e ] 00000048          *             : sts.o55L (.bios)
                   00005f64  [ 00002fb2 ] 00000048          *             : sys_exit.o55L (.bios)
                   00005fac  [ 00002fd6 ] 00000047          *             : idl_busy.o55L (.bios)
                   00005ff3  [ 00002ff9+] 00000046          *             : idl_cal.o55L (.bios)
                   00006039  [ 0000301c+] 00000043          *             : rta_andn.o55L (.bios)
                   0000607c  [ 0000303e ] 00000036          *             : utl_putc.o55L (.bios)
                   000060b2  [ 00003059 ] 00000002          *   --HOLE-- [fill = 20]
                   000060b4  [ 0000305a ] 00000034          *             : knl_post.o55L (.bios)
                   000060e8  [ 00003074 ] 00000034          *   bios5505.a55L : clk_itime.o55L (.bios)
                   0000611c  [ 0000308e ] 00000025          *   bios.a55L : fxn.o55L (.bios)
                   00006141  [ 000030a0+] 00000024          *             : idl_stub.o55L (.bios)
                   00006165  [ 000030b2 ] 00000003          *   --HOLE-- [fill = 20]
                   00006168  [ 000030b4 ] 00000023          *             : utl_doab.o55L (.bios)
                   0000618b  [ 000030c5 ] 00000001          *   --HOLE-- [fill = 20]
                   0000618c  [ 000030c6 ] 00000020          *             : utl_doer.o55L (.bios)
                   000061ac  [ 000030d6 ] 0000001a          *             : hwi_xable.o55L (.bios)
                   000061c6  [ 000030e3 ] 00000017          *             : clk_run.o55L (.bios)
                   000061dd  [ 000030ee ] 00000003          *   --HOLE-- [fill = 20]
                   000061e0  [ 000030f0 ] 00000017          *             : sys_abor.o55L (.bios)
                   000061f7  [ 000030fb ] 00000001          *   --HOLE-- [fill = 20]
                   000061f8  [ 000030fc ] 00000016          *             : sys_erro.o55L (.bios:.near)
                   0000620e  [ 00003107 ] 0000000c          *             : idl.o55L (.bios)
                   0000621a  [ 0000310d ] 00000002          *   --HOLE-- [fill = 20]
                   0000621c  [ 0000310e ] 00000008          *             : utl_halt.o55L (.bios)
                   00006224  [ 00003112 ] 00000007          *             : sts_set.o55L (.bios)
                   0000622b  [ 00003115+] 00000006          *             : gbl_vers.o55L (.bios)
                   00006231  [ 00003118 ] 00000003          *   --HOLE-- [fill = 20]
                   00006234  [ 0000311a ] 00000002          *             : fxn_c.o55L (.bios)
                   00006236  [ 0000311b ] 00000002          *   --HOLE-- [fill = 20]
                   00006238  [ 0000311c ] 00000002          *   bios5505.a55L : clk5505_wdog.o55L (.bios)
                   0000623a  [ 0000311d ] 00000002          *   --HOLE-- [fill = 20]

.cinit       0   [ 0000623c ]  0000311e          *   00000544   
                 [ 0000623c ]  0000311e          *   000002ba   Filter_RJcfg.obj (.cinit)
                 [ 000067b0 ]  000033d8          *   000000af   bios.a55L : biosdata.o55L (.cinit)
                 [ 0000690e ]  00003487          *   000000a0             : knl.o55L (.cinit)
                 [ 00006a4e ]  00003527          *   00000031             : tsk.o55L (.cinit)
                 [ 00006ab0 ]  00003558          *   0000002e             : tsk_stup.o55L (.cinit)
                 [ 00006b0c ]  00003586          *   0000002d   rts55x.lib : lowlev.obj (.cinit)
                 [ 00006b66 ]  000035b3          *   0000002a              : defs.obj (.cinit)
                 [ 00006bba ]  000035dd          *   00000019   bios.a55L : rta.o55L (.cinit)
                 [ 00006bec ]  000035f6          *   0000000f             : utl_putc.o55L (.cinit)
                 [ 00006c0a ]  00003605          *   0000000b             : knl_tick.o55L (.cinit)
                 [ 00006c20 ]  00003610          *   0000000a             : obj_init.o55L (.cinit)
                 [ 00006c34 ]  0000361a          *   0000000a             : sys.o55L (.cinit)
                 [ 00006c48 ]  00003624          *   0000000a   rts55x.lib : _lock.obj (.cinit)
                 [ 00006c5c ]  0000362e          *   0000000a              : exit.obj (.cinit)
                 [ 00006c70 ]  00003638          *   00000009   lnkrtdx.a55L : rtdx.o55L (.cinit)
                 [ 00006c82 ]  00003641          *   00000008   rts55x.lib : atexit.obj (.cinit)
                 [ 00006c92 ]  00003649          *   00000005   bios.a55L : idl_busy.o55L (.cinit)
                 [ 00006c9c ]  0000364e          *   00000005             : knl_swit.o55L (.cinit)
                 [ 00006ca6 ]  00003653          *   00000005   rtdxsimx.lib : simbuf.o55L (.cinit)
                 [ 00006cb0 ]  00003658          *   00000005   rts55x.lib : sinit.obj (.cinit)
                 [ 00006cba ]  0000365d          *   00000004              : fopen.obj (.cinit)
                 [ 00006cc2 ]  00003661          *   00000001   --HOLE-- [fill = 0]

.sysstack 
*            0   [ 00006cc4 ]  00003662          *   00000100   UNINITIALIZED
                 [ 00006cc4 ]  00003662          *   00000100   --HOLE--

.stack       0   [ 00006ec4 ]  00003762          *   00000400   UNINITIALIZED
                 [ 00006ec4 ]  00003762          *   00000400   --HOLE--

.DARAM$heap 
*            0   [ 000076c4 ]  00003b62          *   00000500   UNINITIALIZED
                 [ 000076c4 ]  00003b62          *   00000500   --HOLE--

.TSK_idle$stk 
*            0   [ 000080c4 ]  00004062          *   00000500   UNINITIALIZED
                 [ 000080c4 ]  00004062          *   00000500   Filter_RJcfg.obj (.TSK_idle$stk)

.task$stk 
*            0   [ 00008ac4 ]  00004562          *   00000500   UNINITIALIZED
                 [ 00008ac4 ]  00004562          *   00000500   Filter_RJcfg.obj (.task$stk)

.bss         0   [ 000094c4 ]  00004a62          *   00000478   UNINITIALIZED
                 [ 000094c4 ]  00004a62          *   00000119   rts55x.lib : defs.obj (.bss)
                 [ 000096f6 ]  00004b7b          *   000000d0              : trgdrv.obj (.bss)
                 [ 00009896 ]  00004c4b          *   00000001              : fopen.obj (.bss)
                 [ 00009898 ]  00004c4c          *   000000c2              : atexit.obj (.bss)
                 [ 00009a1c ]  00004d0e          *   0000008a   bios.a55L : knl.o55L (.bss)
                 [ 00009b30 ]  00004d98          *   00000071   rts55x.lib : lowlev.obj (.bss)
                 [ 00009c12 ]  00004e09          *   00000001   --HOLE--
                 [ 00009c14 ]  00004e0a          *   00000030   bios.a55L : tsk.o55L (.bss)
                 [ 00009c74 ]  00004e3a          *   00000028             : tsk_stup.o55L (.bss)
                 [ 00009cc4 ]  00004e62          *   00000023             : obj_init.o55L (.bss)
                 [ 00009d0a ]  00004e85          *   00000001   --HOLE--
                 [ 00009d0c ]  00004e86          *   00000014   Filter_RJcfg.obj (.bss)
                 [ 00009d34 ]  00004e9a          *   00000014   bios.a55L : sys.o55L (.bss)
                 [ 00009d5c ]  00004eae          *   0000000c   bios5505.a55L : clk5505_data.o55L (.bss)
                 [ 00009d74 ]  00004eba          *   00000008   bios.a55L : knl_tick.o55L (.bss)
                 [ 00009d84 ]  00004ec2          *   00000006             : utl_putc.o55L (.bss)
                 [ 00009d90 ]  00004ec8          *   00000004             : clk_data.o55L (.bss)
                 [ 00009d98 ]  00004ecc          *   00000004   rts55x.lib : _lock.obj (.bss)
                 [ 00009da0 ]  00004ed0          *   00000004              : exit.obj (.bss)
                 [ 00009da8 ]  00004ed4          *   00000002   bios.a55L : clk_data2.o55L (.bss)
                 [ 00009dac ]  00004ed6          *   00000002             : mem_asm.o55L (.bss)
                 [ 00009db0 ]  00004ed8          *   00000002   rts55x.lib : sinit.obj (.bss)

.const       0   [ 00009db4 ]  00004eda          *   00000219   
                 [ 00009db4 ]  00004eda          *   00000101   rts55x.lib : ctype.obj (.const:__ctypes_)
                 [ 00009fb6 ]  00004fdb          *   00000001   --HOLE-- [fill = 0]
                 [ 00009fb8 ]  00004fdc          *   0000004f   bios.a55L : tsk_stup.o55L (.const)
                 [ 0000a056 ]  0000502b          *   00000001   --HOLE-- [fill = 0]
                 [ 0000a058 ]  0000502c          *   00000039   filter_rj.obj (.const:.string)
                 [ 0000a0ca ]  00005065          *   00000001   --HOLE-- [fill = 0]
                 [ 0000a0cc ]  00005066          *   00000024   rts55x.lib : _printfi.obj (.const:.string)
                 [ 0000a114 ]  0000508a          *   00000023   bios.a55L : utl_doab.o55L (.const)
                 [ 0000a15a ]  000050ad          *   00000001   --HOLE-- [fill = 0]
                 [ 0000a15c ]  000050ae          *   00000022             : utl_doer.o55L (.const)
                 [ 0000a1a0 ]  000050d0          *   0000000c   rts55x.lib : _printfi.obj (.const)
                 [ 0000a1b8 ]  000050dc          *   00000008              : divd.obj (.const:_initial_approx$1)
                 [ 0000a1c8 ]  000050e4          *   00000004   bios.a55L : mem_allo.o55L (.const)
                 [ 0000a1d0 ]  000050e8          *   00000004             : mem_free.o55L (.const)
                 [ 0000a1d8 ]  000050ec          *   00000002   rts55x.lib : fputs.obj (.const:.string)
                 [ 0000a1dc ]  000050ee          *   00000002              : divd.obj (.const)
                 [ 0000a1e0 ]  000050f0          *   00000002              : fltlid.obj (.const)
                 [ 0000a1e4 ]  000050f2          *   00000001   bios.a55L : tsk.o55L (.const)

.printf      0   [ 0000a1e6 ]  000050f3          *   00000061   COPY SECTION
                 [ 0000a1e6 ]  000050f3          *   00000061   Filter_RJcfg.obj (.printf)

.sysdata     0   [ 0000a1e8 ]  000050f4          *   000000ce   UNINITIALIZED
                 [ 0000a1e8 ]  000050f4          *   000000b0   bios.a55L : biosdata.o55L (.sysdata)
                 [ 0000a348 ]  000051a4          *   00000016             : rta.o55L (.sysdata)
                 [ 0000a374 ]  000051ba          *   00000006   lnkrtdx.a55L : rtdx.o55L (.sysdata)
                 [ 0000a380 ]  000051c0          *   00000002   bios.a55L : idl_busy.o55L (.sysdata)

.gblinit     0   [ 0000a384 ]  000051c2          *   00000029   
                 [ 0000a384 ]  000051c2          *   00000029   Filter_RJcfg.obj (.gblinit)

.log         0   [ 0000a3d8 ]  000051ec          *   00000014   UNINITIALIZED
                 [ 0000a3d8 ]  000051ec          *   00000014   Filter_RJcfg.obj (.log)

.LOG_system$buf 
*            0   [ 0000a400 ]  00005200          *   00000200   UNINITIALIZED
                 [ 0000a400 ]  00005200          *   00000200   Filter_RJcfg.obj (.LOG_system$buf)

.trace       0   [ 0000a800 ]  00005400          *   00000200   
                 [ 0000a800 ]  00005400          *   00000200   --HOLE-- [fill = 00]

.sysinit     0     0000ac00  [ 00005600 ] 00000350          *   
                   0000ac00  [ 00005600 ] 00000111          *   bios.a55L : mem_init.o55L (.sysinit)
                   0000ad11  [ 00005688+] 000000d5          *   Filter_RJcfg.obj (.sysinit)
                   0000ade6  [ 000056f3 ] 00000002          *   --HOLE-- [fill = 20]
                   0000ade8  [ 000056f4 ] 00000084          *   bios.a55L : tsk_init.o55L (.sysinit)
                   0000ae6c  [ 00005736 ] 00000071          *             : autoinit.o55L (.sysinit)
                   0000aedd  [ 0000576e+] 0000006f          *             : boot.o55L (.sysinit)
                   0000af4c  [ 000057a6 ] 00000002          *             : obj_init.o55L (.sysinit)
                   0000af4e  [ 000057a7 ] 00000002          *   --HOLE-- [fill = 20]

.cio         0   [ 0000af50 ]  000057a8          *   00000120   UNINITIALIZED
                 [ 0000af50 ]  000057a8          *   00000120   rts55x.lib : trgmsg.obj (.cio)

.rtdx_data 
*            0   [ 0000b190 ]  000058c8          *   00000116   UNINITIALIZED
                 [ 0000b190 ]  000058c8          *   00000102   Filter_RJcfg.obj (.rtdx_data)
                 [ 0000b394 ]  000059ca          *   00000010   rtdxsimx.lib : simbuf.o55L (.rtdx_data)
                 [ 0000b3b4 ]  000059da          *   00000004   bios.a55L : rtdx_data.o55L (.rtdx_data)

.hwi_disp_sec 
*            0   [ 0000b3bc ]  000059de          *   000000c0   UNINITIALIZED
                 [ 0000b3bc ]  000059de          *   000000c0   bios.a55L : hwi_disp_asm.o55L (.hwi_disp_sec)

.rtdx_text 
*            0     0000b53c  [ 00005a9e ] 00000111          *   
                   0000b53c  [ 00005a9e ] 00000044          *   rtdxsimx.lib : simbuf.o55L (.rtdx_text:_RTDX_Buffer_Read)
                   0000b580  [ 00005ac0 ] 0000003e          *                : sim_mon.o55L (.rtdx_text:_RTDX_H2TPoll)
                   0000b5be  [ 00005adf ] 0000003e          *                : sim_mon.o55L (.rtdx_text:_RTDX_Poll)
                   0000b5fc  [ 00005afe ] 0000001e          *                : sim_mon.o55L (.rtdx_text:_RTDX_Init_RT_Monitor)
                   0000b61a  [ 00005b0d ] 0000001c          *                : simbuf.o55L (.rtdx_text:_RTDX_Buffer_Write)
                   0000b636  [ 00005b1b ] 00000014          *                : simbuf.o55L (.rtdx_text:_RTDX_Buffer_Initialize)
                   0000b64a  [ 00005b25 ] 00000002          *                : sim_mon.o55L (.rtdx_text:_RTDX_Final_RT_Monitor)
                   0000b64c  [ 00005b26 ] 00000001          *   --HOLE-- [fill = 20]

.tsk         0   [ 0000b650 ]  00005b28          *   00000058   UNINITIALIZED
                 [ 0000b650 ]  00005b28          *   00000058   Filter_RJcfg.obj (.tsk)

.trace$buf 
*            0   [ 0000b700 ]  00005b80          *   00000080   UNINITIALIZED
                 [ 0000b700 ]  00005b80          *   00000080   Filter_RJcfg.obj (.trace$buf)

.pip         0   [ 0000b800 ]  00005c00          *   00000064   UNINITIALIZED
                 [ 0000b800 ]  00005c00          *   00000064   Filter_RJcfg.obj (.pip)

.hst0        0   [ 0000b8c8 ]  00005c64          *   00000040   UNINITIALIZED
                 [ 0000b8c8 ]  00005c64          *   00000040   Filter_RJcfg.obj (.hst0)

.sts         0   [ 0000b948 ]  00005ca4          *   00000020   UNINITIALIZED
                 [ 0000b948 ]  00005ca4          *   00000020   Filter_RJcfg.obj (.sts)

.hst         0   [ 0000b988 ]  00005cc4          *   0000001a   UNINITIALIZED
                 [ 0000b988 ]  00005cc4          *   0000001a   Filter_RJcfg.obj (.hst)

.swi         0   [ 0000b9bc ]  00005cde          *   00000014   UNINITIALIZED
                 [ 0000b9bc ]  00005cde          *   00000014   Filter_RJcfg.obj (.swi)

.args        0   [ 0000b9e4 ]  00005cf2          *   00000008   
                 [ 0000b9e4 ]  00005cf2          *   00000008   --HOLE-- [fill = 0]

.hst1        0   [ 0000b9f4 ]  00005cfa          *   00000008   UNINITIALIZED
                 [ 0000b9f4 ]  00005cfa          *   00000008   Filter_RJcfg.obj (.hst1)

.idl         0   [ 0000ba04 ]  00005d02          *   00000008   UNINITIALIZED
                 [ 0000ba04 ]  00005d02          *   00000008   Filter_RJcfg.obj (.idl)

.idlcal      0   [ 0000ba14 ]  00005d0a          *   00000008   UNINITIALIZED
                 [ 0000ba14 ]  00005d0a          *   00000008   Filter_RJcfg.obj (.idlcal)

.sys         0   [ 0000ba24 ]  00005d12          *   00000008   UNINITIALIZED
                 [ 0000ba24 ]  00005d12          *   00000008   Filter_RJcfg.obj (.sys)

.pinit       0   [ 0000ba34 ]  00005d1a          *   00000006   
                 [ 0000ba34 ]  00005d1a          *   00000002   rtdxsimx.lib : sim_mon.o55L (.pinit)
                 [ 0000ba38 ]  00005d1c          *   00000002                : simbuf.o55L (.pinit)
                 [ 0000ba3c ]  00005d1e          *   00000002   --HOLE-- [fill = 0]

.clk         0   [ 0000ba40 ]  00005d20          *   00000004   UNINITIALIZED
                 [ 0000ba40 ]  00005d20          *   00000004   Filter_RJcfg.obj (.clk)

.trcdata     0   [ 0000ba48 ]  00005d24          *   00000003   
                 [ 0000ba48 ]  00005d24          *   00000003   bios.a55L : trc.o55L (.trcdata)

.hwi_vec     0     0000ff00  [ 00007f80 ] 00000100          *   
                   0000ff00  [ 00007f80 ] 00000100          *   Filter_RJcfg.obj (.hwi_vec)


GLOBAL SYMBOLS: SORTED ALPHABETICALLY BY Name 

abs. value/
byte addr   word addr   name
---------   ---------   ----
00000002                $TI_capability$C5500$CallingConvention
00000002                $TI_capability$C5500$MemoryModel
00000001                $TI_capability_requires_rev3
            00004a62    .bss
            00000060    .data
000000c0                .text
00000014                BIOSDATA_O_CLK_D_COUNTSPMS
0000000e                BIOSDATA_O_CLK_D_DIRTY
00000016                BIOSDATA_O_CLK_D_IDLETIME
00000018                BIOSDATA_O_CLK_D_ISRHOOK
00000010                BIOSDATA_O_CLK_D_PRD
0000001a                BIOSDATA_O_CLK_D_TABBEG
00000012                BIOSDATA_O_CLK_D_TDDR
0000001c                BIOSDATA_O_CLK_D_TIMEFXN
00000006                BIOSDATA_O_CLK_HTIMEDIV
00000008                BIOSDATA_O_CLK_HTIMEMULT
0000000a                BIOSDATA_O_CLK_LTIMEDIV
0000000c                BIOSDATA_O_CLK_LTIMEMULT
0000001e                BIOSDATA_O_CLK_R_TIMH
0000001f                BIOSDATA_O_CLK_R_TIML
00000020                BIOSDATA_O_HST_D_CHANMASK
000000a0                BIOSDATA_O_HST_D_TABBEGADDR
000000a2                BIOSDATA_O_HST_D_TABENDADDR
00000088                BIOSDATA_O_HWI_D_SPSAVE
0000008a                BIOSDATA_O_HWI_D_SSPSAVE
0000008c                BIOSDATA_O_HWI_D_STKBOTADDR
00000090                BIOSDATA_O_HWI_D_STKTOPADDR
0000008e                BIOSDATA_O_HWI_D_SYSTKBOTADDR
00000092                BIOSDATA_O_HWI_D_SYSTKTOPADDR
00000022                BIOSDATA_O_IDL_D_CALBEG
00000024                BIOSDATA_O_IDL_D_CALIBRATE
00000026                BIOSDATA_O_IDL_D_TABBEG
00000028                BIOSDATA_O_LOG_D_SYSTEM
00000098                BIOSDATA_O_MEM_D_FREELIST
0000009a                BIOSDATA_O_MEM_D_LOCKADDR
00000096                BIOSDATA_O_MEM_D_MEMTAB
00000095                BIOSDATA_O_MEM_D_NUMSEGMENTS
0000009c                BIOSDATA_O_MEM_D_UNLOCKADDR
0000002a                BIOSDATA_O_PIP_D_TABBEG
0000002c                BIOSDATA_O_PIP_D_TABLEN
0000002e                BIOSDATA_O_PRD_D_CUR
00000030                BIOSDATA_O_PRD_D_ELAPSED
00000031                BIOSDATA_O_PRD_D_PREVTIM
00000032                BIOSDATA_O_PRD_D_SCALAR
00000034                BIOSDATA_O_PRD_D_SWIHANDLE
00000036                BIOSDATA_O_PRD_D_TABBEG
00000038                BIOSDATA_O_PRD_D_TABLEN
0000003a                BIOSDATA_O_PRD_D_THOOK
0000003c                BIOSDATA_O_PRD_D_TICKH
0000003d                BIOSDATA_O_PRD_D_TICKL
000000a8                BIOSDATA_O_RTDX_D_BUFREAD
000000aa                BIOSDATA_O_RTDX_D_BUFWRITE
00000046                BIOSDATA_O_SWI_D_CURFXN
00000042                BIOSDATA_O_SWI_D_CURMASK
00000045                BIOSDATA_O_SWI_D_CURMBOX
00000043                BIOSDATA_O_SWI_D_CURSET
00000040                BIOSDATA_O_SWI_D_EXECADDR
00000044                BIOSDATA_O_SWI_D_LOCK
00000048                BIOSDATA_O_SWI_D_RDYBEG
0000004a                BIOSDATA_O_SWI_D_RDYTAB
0000003e                BIOSDATA_O_SWI_D_RUNADDR
0000009e                BIOSDATA_O_SYS
000000a4                BIOSDATA_O_TSK_D_IDLSTKADDR
000000a6                BIOSDATA_O_TSK_D_IDLSYSTKADDR
0000ad11                BIOS_init
0000ada2                BIOS_start
00000000                BUF$
00000001                BUF_ENABLED
00003d72                C$$EXIT
00003400                C$$IO$$
            000050f4    C55_BIOSDATAOBJ
00000001                CLK$
00005d20                CLK_A_TABBEG
0000ba40                CLK_A_TABBEGb
00000001                CLK_CALDIV
00000004                CLK_CALMULT
0000c350                CLK_COUNTSPMS
00000000                CLK_COUNTSPMSHIGH
            0000510a    CLK_D_idletime
            0000510c    CLK_D_isrhook
            0000510e    CLK_D_tabbeg
            00005110    CLK_D_timefxn
000061d1                CLK_F_dispRun
00005bec                CLK_F_gethtime
000060e8                CLK_F_itime
000061d1                CLK_HOOKFXN
00000001                CLK_HTIMEDIV
00000002                CLK_HTIMEMULT
0000c350                CLK_HTIMEPERLTIME
00000010                CLK_IMR0TINTMASK
00000000                CLK_IMR1TINTMASK
00000000                CLK_INTBIT
00000004                CLK_INTID
00000001                CLK_LTIMEDIV
000186a0                CLK_LTIMEMULT
000003e8                CLK_MICROSECS
            00005d22    CLK_NULL
0000c34f                CLK_PRD
00000000                CLK_PRDHIGH
00001810                CLK_REGS
            00005112    CLK_R_timh
            00005113    CLK_R_timl
00000020                CLK_TCR
00000000                CLK_TDDR
00000000                CLK_TDDRHIGH
00005bec                CLK_TIMEFXN
00000001                CLK_TIMER0ARG
00005ad4                CLK_TIMER0FUNC
00000000                CLK_TIMER1ARG
0000611c                CLK_TIMER1FUNC
00000000                CLK_TIMER2ARG
0000611c                CLK_TIMER2FUNC
00000046                CLK_TIMERIFR
00000045                CLK_TIMERIMR
00000010                CLK_TIMERIMRMASK
00000000                CLK_TIMERNUM
00000001                CLK_USETIMER
            00004e8c    DARAM
00003b62                DARAM$B
000076c4                DARAM$Bb
00000a00                DARAM$L
00000000                DEV$
00000000                DGN$
00000000                DHL$
00000000                DHL_gChannelsAvailable
00000000                DIO$
00000000                DIO_NUMSWIBASE
00000000                DIO_NUMTSKBASE
00000000                DIO_STATIC
00000000                DPI$
0000611c                FXN_F_nop
0000611e                FXN_F_run
0000613f                FXN_F_selfLoop
0000613b                FXN_F_zero
00000001                GBL$
00005205                GBL_A_VERSION
00006234                GBL_BIOS_BOOTFXN
00f80000                GBL_CACHEICRTAG1
00f81000                GBL_CACHEICRTAG2
00000002                GBL_CACHETYPE
00000000                GBL_CALLCSLCFGINIT
00004e20                GBL_CLKIN
00000001                GBL_CLKMD
00001581                GBL_CLKTYPE
00000001                GBL_DCRPOSTEDWRITE
00001581                GBL_DSPSUBTYPE
00000037                GBL_DSPTYPE
00000000                GBL_ENABLEICACHE
00000001                GBL_ENABLEINST
00000042                GBL_FOOTPRINT
000186a0                GBL_FREQ
00000001                GBL_LARGEMODEL
00000000                GBL_MODIFYCLKMD
00000000                GBL_NULL
00008000                GBL_PLLDIV0
00008003                GBL_PLLDIV1
0000000f                GBL_PLLM
00000000                GBL_PROCID
00000000                GBL_ROM
00000000                GBL_SUPPORTCSL
0000dbef                GBL_TRCMASKVALUE
00000000                GBL_USERINIT
00006234                GBL_USERINITFXN
00000001                GBL_boot
            00005d26    GBL_initdone
            00003762    GBL_stackbeg
            00003b61    GBL_stackend
            00003662    GBL_sysstackbeg
            00003761    GBL_sysstackend
00000000                GIO$
00006234                GIO_CREATEFXN
00006234                GIO_DELETEFXN
00006234                GIO_PENDFXN
00006234                GIO_POSTFXN
00000000                HOOK$
00000000                HOOK_KNLID
00000001                HST$
00005cc4                HST_A_TABBEG
0000b988                HST_A_TABBEGb
00005cde                HST_A_TABEND
0000b9bc                HST_A_TABENDb
00000000                HST_BIOSLINK
00000000                HST_DSM
            00004e8c    HST_DSMBUFSEG
00000400                HST_DSMMEMSIZE
            00005114    HST_D_chanmask
            00005194    HST_D_tabbegaddr
            00005196    HST_D_tabendaddr
000000ff                HST_MAXFRAMEALLOWED
00000040                HST_MAXFRAMESET
00000000                HST_NONE
00000001                HST_RTDX
00000001                HWI$
0000ff00                HWI_A_VECS
00000018                HWI_BERR
00000019                HWI_DLOG
            00005188    HWI_D_inhwi
            0000517c    HWI_D_spsave
            0000517e    HWI_D_sspsave
            00005180    HWI_D_stkbotaddr
            00005184    HWI_D_stktopaddr
            00005182    HWI_D_systkbotaddr
            00005186    HWI_D_systktopaddr
000044f3                HWI_F_dispatch
0000000a                HWI_INT10
0000000b                HWI_INT11
0000000c                HWI_INT12
0000000d                HWI_INT13
0000000e                HWI_INT14
0000000f                HWI_INT15
00000010                HWI_INT16
00000011                HWI_INT17
00000012                HWI_INT18
00000013                HWI_INT19
00000002                HWI_INT2
00000014                HWI_INT20
00000015                HWI_INT21
00000016                HWI_INT22
00000017                HWI_INT23
00000003                HWI_INT3
00000004                HWI_INT4
00000005                HWI_INT5
00000006                HWI_INT6
00000007                HWI_INT7
00000008                HWI_INT8
00000009                HWI_INT9
00000001                HWI_NMI
00000000                HWI_RESET
0000001a                HWI_RTOS
0000001b                HWI_SINT27
0000001c                HWI_SINT28
0000001d                HWI_SINT29
0000001e                HWI_SINT30
0000001f                HWI_SINT31
00000004                HWI_TINT
00000000                HWI_ZEROTAB
00003d32                I$$LMPY
00003cb5                I$$UDIV
00003cca                I$$UMOD
00000001                IDL$
00005d0a                IDL_A_CALBEG
0000ba14                IDL_A_CALBEGb
00005d02                IDL_A_TABBEG
0000ba04                IDL_A_TABBEGb
00000000                IDL_CALIBRERROR
00006141                IDL_CALIBRFXN
            000051c0    IDL_D_busyObj
            00005116    IDL_D_calbeg
            00005118    IDL_D_calibrate
            0000511a    IDL_D_tabbeg
            00005d08    IDL_END
            00005d10    IDL_END$
00005fac                IDL_F_busy
0000620e                IDL_F_loop
00000001                IDL_USECLKIDLTIME
            00005cbe    IDL_busyObj
            0000514f    IDL_busyObj$avgfmt
00000001                IDL_busyObj$filter
00000001                IDL_busyObj$iA
00000000                IDL_busyObj$iB
00000001                IDL_busyObj$iC
            00005149    IDL_busyObj$maxfmt
00000000                IDL_busyObj$operation
            00005cbc    IDL_busyObj$stsobj
            0000514c    IDL_busyObj$sumfmt
00000002                IDL_busyObj$unittype
            00005d02    IDL_cpuLoad
            00005d0a    IDL_cpuLoad$
00000001                ISRC$
000054e0                KNL_glue
            00005cde    KNL_swi
00000001                KNL_swi$dorta
00000000                KNL_swi$ord
00000000                KNL_swi$pri
            00005ca6    KNL_swi$sts
            0000510b    KNL_swi$sts$avgfmt
00000002                KNL_swi$sts$filter
00000001                KNL_swi$sts$filtmaxmult
00000001                KNL_swi$sts$filtsummult
            000050fb    KNL_swi$sts$maxfmt
            00005ca4    KNL_swi$sts$stsobj
            00005103    KNL_swi$sts$sumfmt
00000000                KNL_swi$sts$unittype
00000000                KNL_swi$swi
0000551f                KNL_tick_stub
00000001                LCK$
            000051ba    LNKCTRL
            000051bb    LNK_D_dataReadyMask
            000051ba    LNK_D_fromHostMask
            000051bd    LNK_D_readDone
            000051be    LNK_D_readFail
            000051bc    LNK_D_readPend
            000051bf    LNK_D_writeFail
00004152                LNK_F_checkChanEnabled
000041ab                LNK_F_dataPump
00004179                LNK_F_getChanPtr
00004160                LNK_F_getNextChan
00004150                LNK_F_init
000044ce                LNK_F_readCallBack
            00005d04    LNK_dataPump
            00005d0c    LNK_dataPump$
00004316                LNK_newin
000043fa                LNK_newout
000041ab                LNK_rcloop
000041ff                LNK_rdrtry
00004209                LNK_rrloop
00004289                LNK_wrloop
0000427f                LNK_wrrtry
00000001                LOG$
000051ec                LOG_A_TABBEG
0000a3d8                LOG_A_TABBEGb
00005200                LOG_A_TABEND
0000a400                LOG_A_TABENDb
00000002                LOG_A_TABLEN
            0000511c    LOG_D_system
00000001                LOG_ENABLED
00005e34                LOG_F_event
            000051ec    LOG_system
            00005200    LOG_system$buf
00000000                LOG_system$datatype
00000000                LOG_system$log
00000200                LOG_system$size
00000000                MBX$
00000001                MEM$
            00004e8c    MEM_MALLOCSEG
00000000                MEM_NULL
            00004e8c    MEM_SEGZERO
00000001                MEM_gNumHeap
00000000                MSGQ$
00000000                MSGQ_USEMSGQ
00000000                OBJ$
00000000                PIP$
00005c00                PIP_A_TABBEG
0000b800                PIP_A_TABBEGb
00005c64                PIP_A_TABEND
0000b8c8                PIP_A_TABENDb
00000002                PIP_A_TABLEN
            0000511e    PIP_D_tabbeg
            00005120    PIP_D_tablen
000053cf                PIP_F_give
000053cd                PIP_F_probe
00005441                PIP_F_start
00005379                PIP_F_take
00000064                PIP_OBJSIZE
00000000                PIP_gNextId
00000002                PIP_gNumEmbed
00000000                POOL$
00000000                POOL_USEPOOL
00000001                PRD$
00000060                PRD_A_TABBEG
000000c0                PRD_A_TABBEGb
00000060                PRD_A_TABEND
000000c0                PRD_A_TABENDb
00000000                PRD_A_TABLEN
            00005122    PRD_D_cur
            00005124    PRD_D_elapsed
            00005125    PRD_D_prevtim
            00005126    PRD_D_scalar
            00005128    PRD_D_swihandle
            0000512a    PRD_D_tabbeg
            0000512c    PRD_D_tablen
            0000512e    PRD_D_thook
            00005130    PRD_D_tickh
            00005131    PRD_D_tickl
000049df                PRD_F_swi
00004b04                PRD_F_tick
00004000                PRD_SCALAR
00000000                PRD_SWIHANDLE
0000551f                PRD_THOOKFXN
            00005d20    PRD_clock
00000001                PWRM$
00000000                PWRM_PWRM_ADAPTCLK
00006234                PWRM_PWRM_BOOTHOOKFXN
00000023                PWRM_PWRM_CAPSMASK
0000003f                PWRM_PWRM_DS_IDLEMASK
00000000                PWRM_PWRM_ENABLE
00000005                PWRM_PWRM_IDLEMASK
00000000                PWRM_PWRM_IER0
00000000                PWRM_PWRM_IER1
00000640                PWRM_PWRM_INITMILVOLTS
0000000f                PWRM_PWRM_INITSP
00000000                PWRM_PWRM_SCALING
00000001                QUE$
            000051a4    RTA_D_fromHost
            000051a8    RTA_D_logval
            000051b2    RTA_D_stsval
            000051a6    RTA_D_toHost
00006039                RTA_F_andn
000051a5                RTA_F_dispatch
0000511c                RTA_F_getlog
00005148                RTA_F_getsts
0000604f                RTA_F_or
00005177                RTA_F_readblk
0000518a                RTA_F_resetmem
00005186                RTA_F_writeword
            00005d06    RTA_dispatcher
            00005d0e    RTA_dispatcher$
            00005cc6    RTA_fromHost
            00005cfa    RTA_fromHost$buf
00000008                RTA_fromHost$framesize
00000000                RTA_fromHost$hst
00000001                RTA_fromHost$id
00000000                RTA_fromHost$mode
            00005c00    RTA_fromHost$pipe
            00004e8e    RTA_fromHost$pipe$dtab
            00005c02    RTA_fromHost$pipe$rd
            00005c04    RTA_fromHost$pipe$rdaddr
            00005c08    RTA_fromHost$pipe$rdcurdesc
            00005c06    RTA_fromHost$pipe$rdsize
            00005c18    RTA_fromHost$pipe$rdstshdl
            00005c1a    RTA_fromHost$pipe$wr
            00005c1c    RTA_fromHost$pipe$wraddr
            00005c20    RTA_fromHost$pipe$wrcurdesc
            00005c1e    RTA_fromHost$pipe$wrsize
            00005c30    RTA_fromHost$pipe$wrstshdl
            00005cca    RTA_fromHost$rtdx
            00005cd2    RTA_toHost
            00005c64    RTA_toHost$buf
00000040                RTA_toHost$framesize
00000000                RTA_toHost$hst
00000000                RTA_toHost$id
00000001                RTA_toHost$mode
            00005c32    RTA_toHost$pipe
            00004e94    RTA_toHost$pipe$dtab
            00005c34    RTA_toHost$pipe$rd
            00005c36    RTA_toHost$pipe$rdaddr
            00005c3a    RTA_toHost$pipe$rdcurdesc
            00005c38    RTA_toHost$pipe$rdsize
            00005c4a    RTA_toHost$pipe$rdstshdl
            00005c4c    RTA_toHost$pipe$wr
            00005c4e    RTA_toHost$pipe$wraddr
            00005c52    RTA_toHost$pipe$wrcurdesc
            00005c50    RTA_toHost$pipe$wrsize
            00005c62    RTA_toHost$pipe$wrstshdl
            00005cd6    RTA_toHost$rtdx
00000001                RTDX$
00003ac4                RTDX$$MSG
00000102                RTDX_BUFMEMSIZE
            00004e8c    RTDX_DATAMEMSEG
            0000519c    RTDX_D_BufRead
            0000519e    RTDX_D_BufWrite
00000002                RTDX_MODE
00000001                RTDX_USERTDX
00000000                RTDX_USERTEXECUTION
ffffffff                SARAM
00000000                SEM$
00000000                SIO$
00000001                STS$
00005ca4                STS_A_TABBEG
0000b948                STS_A_TABBEGb
00005cc4                STS_A_TABEND
0000b988                STS_A_TABENDb
00005f3e                STS_F_add
00005f1c                STS_F_delta
00005f56                STS_F_reset
00000001                SWI$
00005cde                SWI_A_TABBEG
0000b9bc                SWI_A_TABBEGb
00005cf2                SWI_A_TABEND
0000b9e4                SWI_A_TABENDb
00000001                SWI_A_TABLEN
            0000513a    SWI_D_curfxn
            00005136    SWI_D_curmask
            00005139    SWI_D_curmbox
            00005137    SWI_D_curset
            00005134    SWI_D_execaddr
            0000517a    SWI_D_inswi
            00005138    SWI_D_lock
            0000513c    SWI_D_rdybeg
            0000513e    SWI_D_rdytab
            00005132    SWI_D_runaddr
00000000                SWI_EHOOKFXN
00003ec2                SWI_EXECFXN
00003d7c                SWI_F_enable
00003ec2                SWI_F_exec
00003e3a                SWI_F_exec_sync
00003daf                SWI_F_post
00003fae                SWI_F_run
00000000                SWI_IHOOKFXN
00003fae                SWI_RUNFXN
00000001                SYS$
            00005d12    SYS$config
00006168                SYS_ABORTFXN
0000618c                SYS_ERRORFXN
0000621c                SYS_EXITFXN
0000607c                SYS_PUTCFXN
00004000                TRC_GBLTARG
            00005d25    TRC_R_mask
            00005d24    TRC_cinit
00000001                TSK$
            00005198    TSK_D_idlstkaddr
            0000519a    TSK_D_idlsystkaddr
00000000                TSK_NUM_HOOKS
00000001                TSK_PRIORITY
00000000                TSK_READYFXN
00000000                TSK_STACKSEG
00000400                TSK_STACKSIZE
00000000                TSK_SWITCHFXN
00000100                TSK_SYSTACKSIZE
00006234                TSK_VCREATEFXN
00006234                TSK_VDELETEFXN
00006234                TSK_VEXITFXN
            00005b2e    TSK_idle
00000000                TSK_idle$ord
00000000                TSK_idle$pri
            00004062    TSK_idle$stack
            00004444    TSK_idle$stkptr
            00005cae    TSK_idle$sts
            00005125    TSK_idle$sts$avgfmt
00000002                TSK_idle$sts$filter
00000001                TSK_idle$sts$filtmaxmult
00000001                TSK_idle$sts$filtsummult
            00005115    TSK_idle$sts$maxfmt
            00005cac    TSK_idle$sts$stsobj
            0000511d    TSK_idle$sts$sumfmt
00000000                TSK_idle$sts$unittype
            00004462    TSK_idle$sysstack
            00004544    TSK_idle$sysstkptr
00000000                TSK_idle$tsk
            00005b46    TSK_idle$tskobj
00000000                UDEV$
ffffffff                VECT
0000ad11                _BIOS_init
0000ada2                _BIOS_start
000059cb                _C55_clearIFR0
000059e0                _C55_clearIFR1
00005953                _C55_disableIMR0
00005976                _C55_disableIMR1
00005999                _C55_enableIMR0
000059b2                _C55_enableIMR1
0000c350                _CLK_COUNTSPMS
            00004ec8    _CLK_DFLTMICROSECS
            00005108    _CLK_D_countspms
            00005102    _CLK_D_dirty
            00004eca    _CLK_D_microseconds
            00005104    _CLK_D_prd
            00005106    _CLK_D_tddr
0000c34f                _CLK_PRD
00001810                _CLK_REGS
00000020                _CLK_TCR
00000000                _CLK_TDDR
00000000                _CLK_TIMERNUM
00000001                _CLK_USETIMER
000061d1                _CLK_dispRun
00005a8c                _CLK_dispatch
00005be0                _CLK_getfhtime
00005bec                _CLK_getshtime
            000050fa    _CLK_htimeDiv
            000050fc    _CLK_htimeMult
            00004ed4    _CLK_htimePerLtime
00005ad4                _CLK_isr
            0000510c    _CLK_isrhook
000060e8                _CLK_itime
            000050fe    _CLK_ltimeDiv
            00005100    _CLK_ltimeMult
00005cb8                _CLK_measure
000061c6                _CLK_run
000059f8                _CLK_start
00005a84                _CLK_stop
            00005112    _CLK_time
            00004eb4    _CLK_timer0arg
            00004eae    _CLK_timer0func
            00004eb6    _CLK_timer1arg
            00004eb0    _CLK_timer1func
            00004eb8    _CLK_timer2arg
            00004eb2    _CLK_timer2func
00001810                _CLK_timer5505
00001c14                _CLK_timerIAFR
00000000                _CLK_timerNum
00006238                _CLK_wdogdisable
            00004e8c    _DARAM
00003b62                _DARAM_base
000076c4                _DARAM_baseb
00000a00                _DARAM_length
00006234                _FXN_F_nop
            000050f6    _GBL_clkIn
            000050f8    _GBL_freq
0000622b                _GBL_getVersion
            000050f4    _GBL_procId
00002065                _HOSTclock
00001ffa                _HOSTclose
00001f45                _HOSTlseek
00001ea6                _HOSTopen
00001e19                _HOSTread
00001d6b                _HOSTrename
00001d0d                _HOSTtime
00001ca3                _HOSTunlink
00001c16                _HOSTwrite
00005cc4                _HST_A_TABBEG
00005cde                _HST_A_TABEND
            000050f3    _HST_HOST_CHANNEL_DRIVER
00000018                _HWI_BERR
00000019                _HWI_DLOG
            00005188    _HWI_D_inhwi
            0000517c    _HWI_D_spsave
            0000517e    _HWI_D_sspsave
00004772                _HWI_F_DispIsr0
000044f3                _HWI_F_dispatch
0000000a                _HWI_INT10
0000000b                _HWI_INT11
0000000c                _HWI_INT12
0000000d                _HWI_INT13
0000000e                _HWI_INT14
0000000f                _HWI_INT15
00000010                _HWI_INT16
00000011                _HWI_INT17
00000012                _HWI_INT18
00000013                _HWI_INT19
00000002                _HWI_INT2
00000014                _HWI_INT20
00000015                _HWI_INT21
00000016                _HWI_INT22
00000017                _HWI_INT23
00000003                _HWI_INT3
00000004                _HWI_INT4
00000005                _HWI_INT5
00000006                _HWI_INT6
00000007                _HWI_INT7
00000008                _HWI_INT8
00000009                _HWI_INT9
00000001                _HWI_NMI
00000000                _HWI_RESET
0000001a                _HWI_RTOS
0000001b                _HWI_SINT27
0000001c                _HWI_SINT28
0000001d                _HWI_SINT29
0000001e                _HWI_SINT30
0000001f                _HWI_SINT31
            00003b62    _HWI_STKBOTTOM
            00003762    _HWI_STKTOP
            00003762    _HWI_SYSSTKBOTTOM
            00003662    _HWI_SYSSTKTOP
00000004                _HWI_TINT
            0000517c    _HWI_data
000061ac                _HWI_disable
            000059de    _HWI_dispatchTab
000061bc                _HWI_enable
000061c0                _HWI_restore
00005fac                _IDL_busy
            00005cbe    _IDL_busyObj
00005ff3                _IDL_calibrate
            00005d02    _IDL_cpuLoad
00005fd8                _IDL_init
0000620e                _IDL_loop
00006141                _IDL_stub
            00004d62    _KNL_alarm
00005b1e                _KNL_check
            00004d8a    _KNL_curqueue
            00004d82    _KNL_curtask
            00004d86    _KNL_curtime
            00004d6a    _KNL_dummy
00005d20                _KNL_enter
00005d60                _KNL_exit
00005b79                _KNL_idle
            00004d96    _KNL_idlefxn
            00004d66    _KNL_inactive
00005d80                _KNL_ipost
00005b96                _KNL_max
            00004d8c    _KNL_maxqueue
000060b4                _KNL_post
            00004d84    _KNL_prevtask
            00004d68    _KNL_priority
            00004d10    _KNL_queues
00004b68                _KNL_run
0000553f                _KNL_saveIsrFrame
            00004d0f    _KNL_set
            00004d64    _KNL_setpri
            00005cde    _KNL_swi
            00004d88    _KNL_swiptr
00005492                _KNL_switch
            00004d90    _KNL_tcreatefxn
            00004d92    _KNL_tdeletefxn
0000510c                _KNL_tick
            00004d94    _KNL_treadyfxn
            00004d8e    _KNL_tswitchfxn
            00004d0e    _KNL_wFlag
            00004d60    _KNL_wList
00005dfc                _LCK_pend
00005ddc                _LCK_post
000044ce                _LNK_F_readCallBack
            00005d04    _LNK_dataPump
000051ec                _LOG_A_TABBEG
00005200                _LOG_A_TABEND
00000002                _LOG_A_TABLEN
            0000511c    _LOG_D_system
00005e34                _LOG_event
            000051ec    _LOG_system
            00004ed6    _MEM
            00005189    _MEM_D_NUMSEGMENTS
            0000518c    _MEM_D_freelist
            0000518e    _MEM_D_lockaddr
            0000518a    _MEM_D_memtab
            00005190    _MEM_D_unlockaddr
0000524c                _MEM_alloc
00004cf0                _MEM_free
0000ac00                _MEM_init
            00004e86    _MEM_memtab
0000af4c                _OBJ_init
            00004e7e    _OBJ_segtab
            00004e62    _OBJ_table
00005c00                _PIP_A_TABBEG
00005c64                _PIP_A_TABEND
            00005131    _PRD_D_tick
            00005d20    _PRD_clock
0000511c                _RTA_F_getlog
            00005d06    _RTA_dispatcher
            00005cc6    _RTA_fromHost
            00005cd2    _RTA_toHost
            000058c8    _RTDX_Buffer
            000059dc    _RTDX_Buffer_End
0000b636                _RTDX_Buffer_Initialize
0000b53c                _RTDX_Buffer_Read
            000059da    _RTDX_Buffer_Start
0000b61a                _RTDX_Buffer_Write
00003a78                _RTDX_Buffer_WriteCB
0000b64a                _RTDX_Final_RT_Monitor
0000b580                _RTDX_H2TPoll
0000b5fc                _RTDX_Init_RT_Monitor
00000001                _RTDX_LMM
0000b5be                _RTDX_Poll
00000001                _RTDX_SIMULATOR
00000000                _RTDX_interrupt_mask
            000059d8    _RTDX_writing
ffffffff                _SARAM
            00004e8c    _SEG0
00005e85                _SEM_pend
00004854                _SEM_pendEnterKnl
00005c33                _SEM_post
00005c33                _SEM_postBinary
00005ed4                _SEM_postEnterKnl
00005ca4                _STS_A_TABBEG
00005cc4                _STS_A_TABEND
00005f3e                _STS_add
00005f1c                _STS_delta
00005f56                _STS_reset
00006224                _STS_set
            0000513a    _SWI_D_curfxn
            00005136    _SWI_D_curmask
            0000517a    _SWI_D_inswi
            00005138    _SWI_D_lock
            0000513c    _SWI_D_rdybeg
            00005132    _SWI_data
00003d7c                _SWI_enable
00003daf                _SWI_post
            00005192    _SYS
            00005400    _SYS_PUTCBEG
            000055ff    _SYS_PUTCEND
000061e0                _SYS_abort
000061f8                _SYS_error
00005f64                _SYS_exit
            00004e9a    _SYS_exitStack
            00004eaa    _SYS_exitStackPtr
            00004eac    _SYS_exitStackTop
            00005d25    _TRC_R_mask
            00004e28    _TSK
            00004e0c    _TSK_ATTRS
            00004e1a    _TSK_config
000056a4                _TSK_exit
            00005b2e    _TSK_idle
0000ade8                _TSK_init
            00004e0a    _TSK_nTasks
            00004e0b    _TSK_pid
0000579c                _TSK_setup
000058f0                _TSK_startup
            00004e2a    _TSK_timerSem
00006168                _UTL_doAbort
0000618c                _UTL_doError
0000607c                _UTL_doPutc
0000621c                _UTL_halt
ffffffff                _VECT
            000057a8    __CIOBUF_
            000051a2    __HOOK_NUMHOOKS
            000051a0    __HOOK_knlId
            00004e4e    __MEM_mutex
000055a0                __SEM_dopost
            00003b62    __STACK_END
00000800                __STACK_SIZE
00000200                __SYSSTACK_SIZE
            00004e3a    __TSK_mutex
00003710                ___add_dtor
            00004c4c    ___atexit_func_id__
ffffffff                ___binit__
            00004a62    ___bss__
ffffffff                ___c_args__
            0000311e    ___cinit__
            00000060    ___data__
            00000060    ___edata__
            00004eda    ___end__
00003d7a                ___etext__
00003d02                ___isinf
            00005d1a    ___pinit__
000000c0                ___text__
0000290c                __addd
00002550                __cleanup
            00004ed0    __cleanup_ptr
00002cf7                __cmpd
            00004eda    __ctypes_
000020e5                __divd
00003bc6                __divli
000028d7                __divlli
00003cb5                __divu
000034ab                __divul
000027e3                __divull
00003289                __doflush
            00004ed2    __dtors_ptr
00002cc3                __eqld
00003c8b                __fixdi
00003810                __fixdli
00003957                __fltlid
00003644                __frcmpyd
000031c1                __frcmpyd_div
            00004b7a    __ft_end
            00004a62    __ftable
00002c79                __geqd
00002c2e                __gtrd
00002be1                __leqd
            00004ecc    __lock
00002b99                __lssd
00002eb2                __mpyd
00003d32                __mpyli
0000272b                __mpylli
00003d57                __negd
00002b65                __neqd
00003d55                __nop
00001416                __printfi
00003164                __rd_ok
00003d4d                __register_lock
00003d45                __register_unlock
00003b7b                __remli
000026fc                __remlli
00003cca                __remu
0000372f                __remul
000026ae                __remull
            000059ca    __rtdx_buf
            00003762    __stack
00003d1e                __subd
            00003662    __sysstack
            00004ada    __tmpnams
            00004ece    __unlock
000030e4                __wrt_ok
00003d71                _abort
00001aab                _add_device
000037a1                _atexit
00003a1c                _atoi
0000ae6c                _auto_init
0000aedd                _c_int00
000036ba                _call_dtors
00004f34                _calloc
00001a38                _close
            00004ed8    _dtors
00003c4d                _exit
000035c9                _fclose
000032f2                _fflush
00001a2f                _find_registered_device
00002673                _fopen
00003405                _fputc
00002d4f                _fputs
00004f60                _free
000025aa                _freopen
000038ec                _fseek
00001b9b                _getenv
000019c9                _lseek
0000354c                _ltoa
00003ada                _main
00004e68                _malloc
00004eb4                _memalign
00003cdf                _memccpy
00003c0e                _memcpy
0000190a                _open
00003b2b                _printf
00003405                _putc
0000349c                _putchar
00002e84                _puts
0000185c                _read
0000387f                _readmsg
00004f84                _realloc
00003d67                _remove
00001826                _remove_device
000017cd                _rename
00002ffe                _setvbuf
            00005b5a    _task
00003aed                _taskFxn
            000051f6    _trace
0000179a                _unlink
00001658                _write
0000334b                _writemsg
ffffffff                binit
            0000311e    cinit
            00000060    edata
            00004eda    end
00003d7a                etext
            000051c2    gblinit
0000ff00                hwi0
0000ff08                hwi1
0000ff50                hwi10
0000ff58                hwi11
0000ff60                hwi12
0000ff68                hwi13
0000ff70                hwi14
0000ff78                hwi15
0000ff80                hwi16
0000ff88                hwi17
0000ff90                hwi18
0000ff98                hwi19
0000ff10                hwi2
0000ffa0                hwi20
0000ffa8                hwi21
0000ffb0                hwi22
0000ffb8                hwi23
0000ffc0                hwi24
0000ffc8                hwi25
0000ffd0                hwi26
0000ffd8                hwi27
0000ffe0                hwi28
0000ffe8                hwi29
0000ff18                hwi3
0000fff0                hwi30
0000fff8                hwi31
0000ff20                hwi4
0000ff28                hwi5
0000ff30                hwi6
0000ff38                hwi7
0000ff40                hwi8
0000ff48                hwi9
00006066                iRTA_F_or
000040b4                logPost
            00005d1a    pinit
00004106                stsPost
            00005b5a    task
00000000                task$ord
00000001                task$pri
            00004562    task$stack
            00004944    task$stkptr
            00005cb6    task$sts
            0000513f    task$sts$avgfmt
00000002                task$sts$filter
00000001                task$sts$filtmaxmult
00000001                task$sts$filtsummult
            0000512f    task$sts$maxfmt
            00005cb4    task$sts$stsobj
            00005137    task$sts$sumfmt
00000000                task$sts$unittype
            00004962    task$sysstack
            00004a44    task$sysstkptr
00000000                task$tsk
            00005b72    task$tskobj
            000051f6    trace
            00005b80    trace$buf
00000001                trace$datatype
00000000                trace$log
00000080                trace$size


GLOBAL SYMBOLS: SORTED BY Symbol Address 

abs. value/
byte addr   word addr   name
---------   ---------   ----
00000000                BUF$
00000000                CLK_COUNTSPMSHIGH
00000000                CLK_IMR1TINTMASK
00000000                CLK_INTBIT
00000000                CLK_PRDHIGH
00000000                CLK_TDDR
00000000                CLK_TDDRHIGH
00000000                CLK_TIMER1ARG
00000000                CLK_TIMER2ARG
00000000                CLK_TIMERNUM
00000000                DEV$
00000000                DGN$
00000000                DHL$
00000000                DHL_gChannelsAvailable
00000000                DIO$
00000000                DIO_NUMSWIBASE
00000000                DIO_NUMTSKBASE
00000000                DIO_STATIC
00000000                DPI$
00000000                GBL_CALLCSLCFGINIT
00000000                GBL_ENABLEICACHE
00000000                GBL_MODIFYCLKMD
00000000                GBL_NULL
00000000                GBL_PROCID
00000000                GBL_ROM
00000000                GBL_SUPPORTCSL
00000000                GBL_USERINIT
00000000                GIO$
00000000                HOOK$
00000000                HOOK_KNLID
00000000                HST_BIOSLINK
00000000                HST_DSM
00000000                HST_NONE
00000000                HWI_RESET
00000000                HWI_ZEROTAB
00000000                IDL_CALIBRERROR
00000000                IDL_busyObj$iB
00000000                IDL_busyObj$operation
00000000                KNL_swi$ord
00000000                KNL_swi$pri
00000000                KNL_swi$sts$unittype
00000000                KNL_swi$swi
00000000                LOG_system$datatype
00000000                LOG_system$log
00000000                MBX$
00000000                MEM_NULL
00000000                MSGQ$
00000000                MSGQ_USEMSGQ
00000000                OBJ$
00000000                PIP$
00000000                PIP_gNextId
00000000                POOL$
00000000                POOL_USEPOOL
00000000                PRD_A_TABLEN
00000000                PRD_SWIHANDLE
00000000                PWRM_PWRM_ADAPTCLK
00000000                PWRM_PWRM_ENABLE
00000000                PWRM_PWRM_IER0
00000000                PWRM_PWRM_IER1
00000000                PWRM_PWRM_SCALING
00000000                RTA_fromHost$hst
00000000                RTA_fromHost$mode
00000000                RTA_toHost$hst
00000000                RTA_toHost$id
00000000                RTDX_USERTEXECUTION
00000000                SEM$
00000000                SIO$
00000000                SWI_EHOOKFXN
00000000                SWI_IHOOKFXN
00000000                TSK_NUM_HOOKS
00000000                TSK_READYFXN
00000000                TSK_STACKSEG
00000000                TSK_SWITCHFXN
00000000                TSK_idle$ord
00000000                TSK_idle$pri
00000000                TSK_idle$sts$unittype
00000000                TSK_idle$tsk
00000000                UDEV$
00000000                _CLK_TDDR
00000000                _CLK_TIMERNUM
00000000                _CLK_timerNum
00000000                _HWI_RESET
00000000                _RTDX_interrupt_mask
00000000                task$ord
00000000                task$sts$unittype
00000000                task$tsk
00000000                trace$log
00000001                $TI_capability_requires_rev3
00000001                BUF_ENABLED
00000001                CLK$
00000001                CLK_CALDIV
00000001                CLK_HTIMEDIV
00000001                CLK_LTIMEDIV
00000001                CLK_TIMER0ARG
00000001                CLK_USETIMER
00000001                GBL$
00000001                GBL_CLKMD
00000001                GBL_DCRPOSTEDWRITE
00000001                GBL_ENABLEINST
00000001                GBL_LARGEMODEL
00000001                GBL_boot
00000001                HST$
00000001                HST_RTDX
00000001                HWI$
00000001                HWI_NMI
00000001                IDL$
00000001                IDL_USECLKIDLTIME
00000001                IDL_busyObj$filter
00000001                IDL_busyObj$iA
00000001                IDL_busyObj$iC
00000001                ISRC$
00000001                KNL_swi$dorta
00000001                KNL_swi$sts$filtmaxmult
00000001                KNL_swi$sts$filtsummult
00000001                LCK$
00000001                LOG$
00000001                LOG_ENABLED
00000001                MEM$
00000001                MEM_gNumHeap
00000001                PRD$
00000001                PWRM$
00000001                QUE$
00000001                RTA_fromHost$id
00000001                RTA_toHost$mode
00000001                RTDX$
00000001                RTDX_USERTDX
00000001                STS$
00000001                SWI$
00000001                SWI_A_TABLEN
00000001                SYS$
00000001                TSK$
00000001                TSK_PRIORITY
00000001                TSK_idle$sts$filtmaxmult
00000001                TSK_idle$sts$filtsummult
00000001                _CLK_USETIMER
00000001                _HWI_NMI
00000001                _RTDX_LMM
00000001                _RTDX_SIMULATOR
00000001                task$pri
00000001                task$sts$filtmaxmult
00000001                task$sts$filtsummult
00000001                trace$datatype
00000002                $TI_capability$C5500$CallingConvention
00000002                $TI_capability$C5500$MemoryModel
00000002                CLK_HTIMEMULT
00000002                GBL_CACHETYPE
00000002                HWI_INT2
00000002                IDL_busyObj$unittype
00000002                KNL_swi$sts$filter
00000002                LOG_A_TABLEN
00000002                PIP_A_TABLEN
00000002                PIP_gNumEmbed
00000002                RTDX_MODE
00000002                TSK_idle$sts$filter
00000002                _HWI_INT2
00000002                _LOG_A_TABLEN
00000002                task$sts$filter
00000003                HWI_INT3
00000003                _HWI_INT3
00000004                CLK_CALMULT
00000004                CLK_INTID
00000004                HWI_INT4
00000004                HWI_TINT
00000004                _HWI_INT4
00000004                _HWI_TINT
00000005                HWI_INT5
00000005                PWRM_PWRM_IDLEMASK
00000005                _HWI_INT5
00000006                BIOSDATA_O_CLK_HTIMEDIV
00000006                HWI_INT6
00000006                _HWI_INT6
00000007                HWI_INT7
00000007                _HWI_INT7
00000008                BIOSDATA_O_CLK_HTIMEMULT
00000008                HWI_INT8
00000008                RTA_fromHost$framesize
00000008                _HWI_INT8
00000009                HWI_INT9
00000009                _HWI_INT9
0000000a                BIOSDATA_O_CLK_LTIMEDIV
0000000a                HWI_INT10
0000000a                _HWI_INT10
0000000b                HWI_INT11
0000000b                _HWI_INT11
0000000c                BIOSDATA_O_CLK_LTIMEMULT
0000000c                HWI_INT12
0000000c                _HWI_INT12
0000000d                HWI_INT13
0000000d                _HWI_INT13
0000000e                BIOSDATA_O_CLK_D_DIRTY
0000000e                HWI_INT14
0000000e                _HWI_INT14
0000000f                GBL_PLLM
0000000f                HWI_INT15
0000000f                PWRM_PWRM_INITSP
0000000f                _HWI_INT15
00000010                BIOSDATA_O_CLK_D_PRD
00000010                CLK_IMR0TINTMASK
00000010                CLK_TIMERIMRMASK
00000010                HWI_INT16
00000010                _HWI_INT16
00000011                HWI_INT17
00000011                _HWI_INT17
00000012                BIOSDATA_O_CLK_D_TDDR
00000012                HWI_INT18
00000012                _HWI_INT18
00000013                HWI_INT19
00000013                _HWI_INT19
00000014                BIOSDATA_O_CLK_D_COUNTSPMS
00000014                HWI_INT20
00000014                _HWI_INT20
00000015                HWI_INT21
00000015                _HWI_INT21
00000016                BIOSDATA_O_CLK_D_IDLETIME
00000016                HWI_INT22
00000016                _HWI_INT22
00000017                HWI_INT23
00000017                _HWI_INT23
00000018                BIOSDATA_O_CLK_D_ISRHOOK
00000018                HWI_BERR
00000018                _HWI_BERR
00000019                HWI_DLOG
00000019                _HWI_DLOG
0000001a                BIOSDATA_O_CLK_D_TABBEG
0000001a                HWI_RTOS
0000001a                _HWI_RTOS
0000001b                HWI_SINT27
0000001b                _HWI_SINT27
0000001c                BIOSDATA_O_CLK_D_TIMEFXN
0000001c                HWI_SINT28
0000001c                _HWI_SINT28
0000001d                HWI_SINT29
0000001d                _HWI_SINT29
0000001e                BIOSDATA_O_CLK_R_TIMH
0000001e                HWI_SINT30
0000001e                _HWI_SINT30
0000001f                BIOSDATA_O_CLK_R_TIML
0000001f                HWI_SINT31
0000001f                _HWI_SINT31
00000020                BIOSDATA_O_HST_D_CHANMASK
00000020                CLK_TCR
00000020                _CLK_TCR
00000022                BIOSDATA_O_IDL_D_CALBEG
00000023                PWRM_PWRM_CAPSMASK
00000024                BIOSDATA_O_IDL_D_CALIBRATE
00000026                BIOSDATA_O_IDL_D_TABBEG
00000028                BIOSDATA_O_LOG_D_SYSTEM
0000002a                BIOSDATA_O_PIP_D_TABBEG
0000002c                BIOSDATA_O_PIP_D_TABLEN
0000002e                BIOSDATA_O_PRD_D_CUR
00000030                BIOSDATA_O_PRD_D_ELAPSED
00000031                BIOSDATA_O_PRD_D_PREVTIM
00000032                BIOSDATA_O_PRD_D_SCALAR
00000034                BIOSDATA_O_PRD_D_SWIHANDLE
00000036                BIOSDATA_O_PRD_D_TABBEG
00000037                GBL_DSPTYPE
00000038                BIOSDATA_O_PRD_D_TABLEN
0000003a                BIOSDATA_O_PRD_D_THOOK
0000003c                BIOSDATA_O_PRD_D_TICKH
0000003d                BIOSDATA_O_PRD_D_TICKL
0000003e                BIOSDATA_O_SWI_D_RUNADDR
0000003f                PWRM_PWRM_DS_IDLEMASK
00000040                BIOSDATA_O_SWI_D_EXECADDR
00000040                HST_MAXFRAMESET
00000040                RTA_toHost$framesize
00000042                BIOSDATA_O_SWI_D_CURMASK
00000042                GBL_FOOTPRINT
00000043                BIOSDATA_O_SWI_D_CURSET
00000044                BIOSDATA_O_SWI_D_LOCK
00000045                BIOSDATA_O_SWI_D_CURMBOX
00000045                CLK_TIMERIMR
00000046                BIOSDATA_O_SWI_D_CURFXN
00000046                CLK_TIMERIFR
00000048                BIOSDATA_O_SWI_D_RDYBEG
0000004a                BIOSDATA_O_SWI_D_RDYTAB
00000060                PRD_A_TABBEG
00000060                PRD_A_TABEND
00000064                PIP_OBJSIZE
00000080                trace$size
00000088                BIOSDATA_O_HWI_D_SPSAVE
0000008a                BIOSDATA_O_HWI_D_SSPSAVE
0000008c                BIOSDATA_O_HWI_D_STKBOTADDR
0000008e                BIOSDATA_O_HWI_D_SYSTKBOTADDR
00000090                BIOSDATA_O_HWI_D_STKTOPADDR
00000092                BIOSDATA_O_HWI_D_SYSTKTOPADDR
00000095                BIOSDATA_O_MEM_D_NUMSEGMENTS
00000096                BIOSDATA_O_MEM_D_MEMTAB
00000098                BIOSDATA_O_MEM_D_FREELIST
0000009a                BIOSDATA_O_MEM_D_LOCKADDR
0000009c                BIOSDATA_O_MEM_D_UNLOCKADDR
0000009e                BIOSDATA_O_SYS
000000a0                BIOSDATA_O_HST_D_TABBEGADDR
000000a2                BIOSDATA_O_HST_D_TABENDADDR
000000a4                BIOSDATA_O_TSK_D_IDLSTKADDR
000000a6                BIOSDATA_O_TSK_D_IDLSYSTKADDR
000000a8                BIOSDATA_O_RTDX_D_BUFREAD
000000aa                BIOSDATA_O_RTDX_D_BUFWRITE
            00000060    .data
000000c0                .text
000000c0                PRD_A_TABBEGb
000000c0                PRD_A_TABENDb
            00000060    ___data__
            00000060    ___edata__
000000c0                ___text__
            00000060    edata
000000ff                HST_MAXFRAMEALLOWED
00000100                TSK_SYSTACKSIZE
00000102                RTDX_BUFMEMSIZE
00000200                LOG_system$size
00000200                __SYSSTACK_SIZE
000003e8                CLK_MICROSECS
00000400                HST_DSMMEMSIZE
00000400                TSK_STACKSIZE
00000640                PWRM_PWRM_INITMILVOLTS
00000800                __STACK_SIZE
00000a00                DARAM$L
00000a00                _DARAM_length
00001416                __printfi
00001581                GBL_CLKTYPE
00001581                GBL_DSPSUBTYPE
00001658                _write
0000179a                _unlink
000017cd                _rename
00001810                CLK_REGS
00001810                _CLK_REGS
00001810                _CLK_timer5505
00001826                _remove_device
0000185c                _read
0000190a                _open
000019c9                _lseek
00001a2f                _find_registered_device
00001a38                _close
00001aab                _add_device
00001b9b                _getenv
00001c14                _CLK_timerIAFR
00001c16                _HOSTwrite
00001ca3                _HOSTunlink
00001d0d                _HOSTtime
00001d6b                _HOSTrename
00001e19                _HOSTread
00001ea6                _HOSTopen
00001f45                _HOSTlseek
00001ffa                _HOSTclose
00002065                _HOSTclock
000020e5                __divd
00002550                __cleanup
000025aa                _freopen
00002673                _fopen
000026ae                __remull
000026fc                __remlli
0000272b                __mpylli
000027e3                __divull
000028d7                __divlli
0000290c                __addd
00002b65                __neqd
00002b99                __lssd
00002be1                __leqd
00002c2e                __gtrd
00002c79                __geqd
00002cc3                __eqld
00002cf7                __cmpd
00002d4f                _fputs
00002e84                _puts
00002eb2                __mpyd
00002ffe                _setvbuf
000030e4                __wrt_ok
00003164                __rd_ok
000031c1                __frcmpyd_div
00003289                __doflush
000032f2                _fflush
0000334b                _writemsg
00003400                C$$IO$$
00003405                _fputc
00003405                _putc
0000349c                _putchar
000034ab                __divul
0000354c                _ltoa
000035c9                _fclose
00003644                __frcmpyd
000036ba                _call_dtors
00003710                ___add_dtor
0000372f                __remul
000037a1                _atexit
00003810                __fixdli
0000387f                _readmsg
000038ec                _fseek
00003957                __fltlid
00003a1c                _atoi
00003a78                _RTDX_Buffer_WriteCB
00003ac4                RTDX$$MSG
00003ada                _main
00003aed                _taskFxn
00003b2b                _printf
00003b62                DARAM$B
00003b62                _DARAM_base
00003b7b                __remli
00003bc6                __divli
00003c0e                _memcpy
00003c4d                _exit
00003c8b                __fixdi
00003cb5                I$$UDIV
00003cb5                __divu
00003cca                I$$UMOD
00003cca                __remu
00003cdf                _memccpy
00003d02                ___isinf
00003d1e                __subd
00003d32                I$$LMPY
00003d32                __mpyli
00003d45                __register_unlock
00003d4d                __register_lock
00003d55                __nop
00003d57                __negd
00003d67                _remove
00003d71                _abort
00003d72                C$$EXIT
00003d7a                ___etext__
00003d7a                etext
00003d7c                SWI_F_enable
00003d7c                _SWI_enable
00003daf                SWI_F_post
00003daf                _SWI_post
00003e3a                SWI_F_exec_sync
00003ec2                SWI_EXECFXN
00003ec2                SWI_F_exec
00003fae                SWI_F_run
00003fae                SWI_RUNFXN
00004000                PRD_SCALAR
00004000                TRC_GBLTARG
000040b4                logPost
00004106                stsPost
00004150                LNK_F_init
00004152                LNK_F_checkChanEnabled
00004160                LNK_F_getNextChan
00004179                LNK_F_getChanPtr
000041ab                LNK_F_dataPump
000041ab                LNK_rcloop
000041ff                LNK_rdrtry
00004209                LNK_rrloop
0000427f                LNK_wrrtry
00004289                LNK_wrloop
00004316                LNK_newin
000043fa                LNK_newout
000044ce                LNK_F_readCallBack
000044ce                _LNK_F_readCallBack
000044f3                HWI_F_dispatch
000044f3                _HWI_F_dispatch
00004772                _HWI_F_DispIsr0
00004854                _SEM_pendEnterKnl
000049df                PRD_F_swi
00004b04                PRD_F_tick
00004b68                _KNL_run
00004cf0                _MEM_free
00004e20                GBL_CLKIN
00004e68                _malloc
00004eb4                _memalign
00004f34                _calloc
00004f60                _free
00004f84                _realloc
0000510c                _KNL_tick
0000511c                RTA_F_getlog
0000511c                _RTA_F_getlog
00005148                RTA_F_getsts
00005177                RTA_F_readblk
00005186                RTA_F_writeword
0000518a                RTA_F_resetmem
000051a5                RTA_F_dispatch
000051ec                LOG_A_TABBEG
000051ec                _LOG_A_TABBEG
00005200                LOG_A_TABEND
00005200                _LOG_A_TABEND
00005205                GBL_A_VERSION
0000524c                _MEM_alloc
00005379                PIP_F_take
000053cd                PIP_F_probe
000053cf                PIP_F_give
00005441                PIP_F_start
00005492                _KNL_switch
000054e0                KNL_glue
0000551f                KNL_tick_stub
0000551f                PRD_THOOKFXN
0000553f                _KNL_saveIsrFrame
000055a0                __SEM_dopost
000056a4                _TSK_exit
0000579c                _TSK_setup
000058f0                _TSK_startup
00005953                _C55_disableIMR0
00005976                _C55_disableIMR1
00005999                _C55_enableIMR0
000059b2                _C55_enableIMR1
000059cb                _C55_clearIFR0
000059e0                _C55_clearIFR1
000059f8                _CLK_start
00005a84                _CLK_stop
00005a8c                _CLK_dispatch
00005ad4                CLK_TIMER0FUNC
00005ad4                _CLK_isr
00005b1e                _KNL_check
00005b79                _KNL_idle
00005b96                _KNL_max
00005be0                _CLK_getfhtime
00005bec                CLK_F_gethtime
00005bec                CLK_TIMEFXN
00005bec                _CLK_getshtime
00005c00                PIP_A_TABBEG
00005c00                _PIP_A_TABBEG
00005c33                _SEM_post
00005c33                _SEM_postBinary
00005c64                PIP_A_TABEND
00005c64                _PIP_A_TABEND
00005ca4                STS_A_TABBEG
00005ca4                _STS_A_TABBEG
00005cb8                _CLK_measure
00005cc4                HST_A_TABBEG
00005cc4                STS_A_TABEND
00005cc4                _HST_A_TABBEG
00005cc4                _STS_A_TABEND
00005cde                HST_A_TABEND
00005cde                SWI_A_TABBEG
00005cde                _HST_A_TABEND
00005cf2                SWI_A_TABEND
00005d02                IDL_A_TABBEG
00005d0a                IDL_A_CALBEG
00005d20                CLK_A_TABBEG
00005d20                _KNL_enter
00005d60                _KNL_exit
00005d80                _KNL_ipost
00005ddc                _LCK_post
00005dfc                _LCK_pend
00005e34                LOG_F_event
00005e34                _LOG_event
00005e85                _SEM_pend
00005ed4                _SEM_postEnterKnl
00005f1c                STS_F_delta
00005f1c                _STS_delta
00005f3e                STS_F_add
00005f3e                _STS_add
00005f56                STS_F_reset
00005f56                _STS_reset
00005f64                _SYS_exit
00005fac                IDL_F_busy
00005fac                _IDL_busy
00005fd8                _IDL_init
00005ff3                _IDL_calibrate
00006039                RTA_F_andn
0000604f                RTA_F_or
00006066                iRTA_F_or
0000607c                SYS_PUTCFXN
0000607c                _UTL_doPutc
000060b4                _KNL_post
000060e8                CLK_F_itime
000060e8                _CLK_itime
0000611c                CLK_TIMER1FUNC
0000611c                CLK_TIMER2FUNC
0000611c                FXN_F_nop
0000611e                FXN_F_run
0000613b                FXN_F_zero
0000613f                FXN_F_selfLoop
00006141                IDL_CALIBRFXN
00006141                _IDL_stub
00006168                SYS_ABORTFXN
00006168                _UTL_doAbort
0000618c                SYS_ERRORFXN
0000618c                _UTL_doError
000061ac                _HWI_disable
000061bc                _HWI_enable
000061c0                _HWI_restore
000061c6                _CLK_run
000061d1                CLK_F_dispRun
000061d1                CLK_HOOKFXN
000061d1                _CLK_dispRun
000061e0                _SYS_abort
000061f8                _SYS_error
0000620e                IDL_F_loop
0000620e                _IDL_loop
0000621c                SYS_EXITFXN
0000621c                _UTL_halt
00006224                _STS_set
0000622b                _GBL_getVersion
00006234                GBL_BIOS_BOOTFXN
00006234                GBL_USERINITFXN
00006234                GIO_CREATEFXN
00006234                GIO_DELETEFXN
00006234                GIO_PENDFXN
00006234                GIO_POSTFXN
00006234                PWRM_PWRM_BOOTHOOKFXN
00006234                TSK_VCREATEFXN
00006234                TSK_VDELETEFXN
00006234                TSK_VEXITFXN
00006234                _FXN_F_nop
00006238                _CLK_wdogdisable
            0000311e    ___cinit__
            0000311e    cinit
            00003662    GBL_sysstackbeg
            00003662    _HWI_SYSSTKTOP
            00003662    __sysstack
            00003761    GBL_sysstackend
            00003762    GBL_stackbeg
            00003762    _HWI_STKTOP
            00003762    _HWI_SYSSTKBOTTOM
            00003762    __stack
            00003b61    GBL_stackend
000076c4                DARAM$Bb
000076c4                _DARAM_baseb
            00003b62    _HWI_STKBOTTOM
            00003b62    __STACK_END
00008000                GBL_PLLDIV0
00008003                GBL_PLLDIV1
            00004062    TSK_idle$stack
            00004444    TSK_idle$stkptr
            00004462    TSK_idle$sysstack
            00004544    TSK_idle$sysstkptr
            00004562    task$stack
            00004944    task$stkptr
            00004962    task$sysstack
            00004a44    task$sysstkptr
            00004a62    .bss
            00004a62    ___bss__
            00004a62    __ftable
            00004ada    __tmpnams
            00004b7a    __ft_end
            00004c4c    ___atexit_func_id__
            00004d0e    _KNL_wFlag
            00004d0f    _KNL_set
            00004d10    _KNL_queues
            00004d60    _KNL_wList
            00004d62    _KNL_alarm
            00004d64    _KNL_setpri
            00004d66    _KNL_inactive
            00004d68    _KNL_priority
            00004d6a    _KNL_dummy
            00004d82    _KNL_curtask
            00004d84    _KNL_prevtask
            00004d86    _KNL_curtime
            00004d88    _KNL_swiptr
            00004d8a    _KNL_curqueue
            00004d8c    _KNL_maxqueue
            00004d8e    _KNL_tswitchfxn
            00004d90    _KNL_tcreatefxn
            00004d92    _KNL_tdeletefxn
            00004d94    _KNL_treadyfxn
            00004d96    _KNL_idlefxn
            00004e0a    _TSK_nTasks
            00004e0b    _TSK_pid
            00004e0c    _TSK_ATTRS
            00004e1a    _TSK_config
            00004e28    _TSK
            00004e2a    _TSK_timerSem
            00004e3a    __TSK_mutex
            00004e4e    __MEM_mutex
            00004e62    _OBJ_table
            00004e7e    _OBJ_segtab
            00004e86    _MEM_memtab
            00004e8c    DARAM
            00004e8c    HST_DSMBUFSEG
            00004e8c    MEM_MALLOCSEG
            00004e8c    MEM_SEGZERO
            00004e8c    RTDX_DATAMEMSEG
            00004e8c    _DARAM
            00004e8c    _SEG0
            00004e8e    RTA_fromHost$pipe$dtab
            00004e94    RTA_toHost$pipe$dtab
            00004e9a    _SYS_exitStack
            00004eaa    _SYS_exitStackPtr
            00004eac    _SYS_exitStackTop
            00004eae    _CLK_timer0func
            00004eb0    _CLK_timer1func
            00004eb2    _CLK_timer2func
            00004eb4    _CLK_timer0arg
            00004eb6    _CLK_timer1arg
            00004eb8    _CLK_timer2arg
            00004ec8    _CLK_DFLTMICROSECS
            00004eca    _CLK_D_microseconds
            00004ecc    __lock
            00004ece    __unlock
            00004ed0    __cleanup_ptr
            00004ed2    __dtors_ptr
            00004ed4    _CLK_htimePerLtime
            00004ed6    _MEM
            00004ed8    _dtors
            00004eda    ___end__
            00004eda    __ctypes_
            00004eda    end
            000050f3    _HST_HOST_CHANNEL_DRIVER
            000050f4    C55_BIOSDATAOBJ
            000050f4    _GBL_procId
            000050f6    _GBL_clkIn
            000050f8    _GBL_freq
            000050fa    _CLK_htimeDiv
            000050fb    KNL_swi$sts$maxfmt
            000050fc    _CLK_htimeMult
            000050fe    _CLK_ltimeDiv
            00005100    _CLK_ltimeMult
            00005102    _CLK_D_dirty
            00005103    KNL_swi$sts$sumfmt
            00005104    _CLK_D_prd
            00005106    _CLK_D_tddr
            00005108    _CLK_D_countspms
            0000510a    CLK_D_idletime
            0000510b    KNL_swi$sts$avgfmt
            0000510c    CLK_D_isrhook
            0000510c    _CLK_isrhook
            0000510e    CLK_D_tabbeg
            00005110    CLK_D_timefxn
            00005112    CLK_R_timh
            00005112    _CLK_time
            00005113    CLK_R_timl
            00005114    HST_D_chanmask
            00005115    TSK_idle$sts$maxfmt
            00005116    IDL_D_calbeg
            00005118    IDL_D_calibrate
            0000511a    IDL_D_tabbeg
            0000511c    LOG_D_system
            0000511c    _LOG_D_system
            0000511d    TSK_idle$sts$sumfmt
            0000511e    PIP_D_tabbeg
            00005120    PIP_D_tablen
            00005122    PRD_D_cur
            00005124    PRD_D_elapsed
            00005125    PRD_D_prevtim
            00005125    TSK_idle$sts$avgfmt
            00005126    PRD_D_scalar
            00005128    PRD_D_swihandle
            0000512a    PRD_D_tabbeg
            0000512c    PRD_D_tablen
            0000512e    PRD_D_thook
            0000512f    task$sts$maxfmt
            00005130    PRD_D_tickh
            00005131    PRD_D_tickl
            00005131    _PRD_D_tick
            00005132    SWI_D_runaddr
            00005132    _SWI_data
            00005134    SWI_D_execaddr
            00005136    SWI_D_curmask
            00005136    _SWI_D_curmask
            00005137    SWI_D_curset
            00005137    task$sts$sumfmt
            00005138    SWI_D_lock
            00005138    _SWI_D_lock
            00005139    SWI_D_curmbox
            0000513a    SWI_D_curfxn
            0000513a    _SWI_D_curfxn
            0000513c    SWI_D_rdybeg
            0000513c    _SWI_D_rdybeg
            0000513e    SWI_D_rdytab
            0000513f    task$sts$avgfmt
            00005149    IDL_busyObj$maxfmt
            0000514c    IDL_busyObj$sumfmt
            0000514f    IDL_busyObj$avgfmt
            0000517a    SWI_D_inswi
            0000517a    _SWI_D_inswi
            0000517c    HWI_D_spsave
            0000517c    _HWI_D_spsave
            0000517c    _HWI_data
            0000517e    HWI_D_sspsave
            0000517e    _HWI_D_sspsave
            00005180    HWI_D_stkbotaddr
            00005182    HWI_D_systkbotaddr
            00005184    HWI_D_stktopaddr
            00005186    HWI_D_systktopaddr
            00005188    HWI_D_inhwi
            00005188    _HWI_D_inhwi
            00005189    _MEM_D_NUMSEGMENTS
            0000518a    _MEM_D_memtab
            0000518c    _MEM_D_freelist
            0000518e    _MEM_D_lockaddr
            00005190    _MEM_D_unlockaddr
            00005192    _SYS
            00005194    HST_D_tabbegaddr
            00005196    HST_D_tabendaddr
            00005198    TSK_D_idlstkaddr
            0000519a    TSK_D_idlsystkaddr
            0000519c    RTDX_D_BufRead
            0000519e    RTDX_D_BufWrite
            000051a0    __HOOK_knlId
            000051a2    __HOOK_NUMHOOKS
            000051a4    RTA_D_fromHost
            000051a6    RTA_D_toHost
            000051a8    RTA_D_logval
            000051b2    RTA_D_stsval
            000051ba    LNKCTRL
            000051ba    LNK_D_fromHostMask
            000051bb    LNK_D_dataReadyMask
            000051bc    LNK_D_readPend
            000051bd    LNK_D_readDone
            000051be    LNK_D_readFail
            000051bf    LNK_D_writeFail
            000051c0    IDL_D_busyObj
            000051c2    gblinit
0000a3d8                LOG_A_TABBEGb
            000051ec    LOG_system
            000051ec    _LOG_system
            000051f6    _trace
            000051f6    trace
0000a400                LOG_A_TABENDb
            00005200    LOG_system$buf
            00005400    _SYS_PUTCBEG
            000055ff    _SYS_PUTCEND
0000ac00                _MEM_init
0000ad11                BIOS_init
0000ad11                _BIOS_init
0000ada2                BIOS_start
0000ada2                _BIOS_start
0000ade8                _TSK_init
0000ae6c                _auto_init
0000aedd                _c_int00
0000af4c                _OBJ_init
            000057a8    __CIOBUF_
            000058c8    _RTDX_Buffer
            000059ca    __rtdx_buf
            000059d8    _RTDX_writing
            000059da    _RTDX_Buffer_Start
            000059dc    _RTDX_Buffer_End
            000059de    _HWI_dispatchTab
0000b53c                _RTDX_Buffer_Read
0000b580                _RTDX_H2TPoll
0000b5be                _RTDX_Poll
0000b5fc                _RTDX_Init_RT_Monitor
0000b61a                _RTDX_Buffer_Write
0000b636                _RTDX_Buffer_Initialize
0000b64a                _RTDX_Final_RT_Monitor
            00005b2e    TSK_idle
            00005b2e    _TSK_idle
            00005b46    TSK_idle$tskobj
            00005b5a    _task
            00005b5a    task
            00005b72    task$tskobj
            00005b80    trace$buf
0000b800                PIP_A_TABBEGb
            00005c00    RTA_fromHost$pipe
            00005c02    RTA_fromHost$pipe$rd
            00005c04    RTA_fromHost$pipe$rdaddr
            00005c06    RTA_fromHost$pipe$rdsize
            00005c08    RTA_fromHost$pipe$rdcurdesc
            00005c18    RTA_fromHost$pipe$rdstshdl
            00005c1a    RTA_fromHost$pipe$wr
            00005c1c    RTA_fromHost$pipe$wraddr
            00005c1e    RTA_fromHost$pipe$wrsize
            00005c20    RTA_fromHost$pipe$wrcurdesc
            00005c30    RTA_fromHost$pipe$wrstshdl
            00005c32    RTA_toHost$pipe
            00005c34    RTA_toHost$pipe$rd
            00005c36    RTA_toHost$pipe$rdaddr
            00005c38    RTA_toHost$pipe$rdsize
            00005c3a    RTA_toHost$pipe$rdcurdesc
            00005c4a    RTA_toHost$pipe$rdstshdl
            00005c4c    RTA_toHost$pipe$wr
            00005c4e    RTA_toHost$pipe$wraddr
            00005c50    RTA_toHost$pipe$wrsize
            00005c52    RTA_toHost$pipe$wrcurdesc
            00005c62    RTA_toHost$pipe$wrstshdl
0000b8c8                PIP_A_TABENDb
            00005c64    RTA_toHost$buf
            00005ca4    KNL_swi$sts$stsobj
0000b948                STS_A_TABBEGb
            00005ca6    KNL_swi$sts
            00005cac    TSK_idle$sts$stsobj
            00005cae    TSK_idle$sts
            00005cb4    task$sts$stsobj
            00005cb6    task$sts
            00005cbc    IDL_busyObj$stsobj
            00005cbe    IDL_busyObj
            00005cbe    _IDL_busyObj
0000b988                HST_A_TABBEGb
0000b988                STS_A_TABENDb
            00005cc6    RTA_fromHost
            00005cc6    _RTA_fromHost
            00005cca    RTA_fromHost$rtdx
            00005cd2    RTA_toHost
            00005cd2    _RTA_toHost
            00005cd6    RTA_toHost$rtdx
0000b9bc                HST_A_TABENDb
            00005cde    KNL_swi
0000b9bc                SWI_A_TABBEGb
            00005cde    _KNL_swi
0000b9e4                SWI_A_TABENDb
            00005cfa    RTA_fromHost$buf
0000ba04                IDL_A_TABBEGb
            00005d02    IDL_cpuLoad
            00005d02    _IDL_cpuLoad
            00005d04    LNK_dataPump
            00005d04    _LNK_dataPump
            00005d06    RTA_dispatcher
            00005d06    _RTA_dispatcher
            00005d08    IDL_END
0000ba14                IDL_A_CALBEGb
            00005d0a    IDL_cpuLoad$
            00005d0c    LNK_dataPump$
            00005d0e    RTA_dispatcher$
            00005d10    IDL_END$
            00005d12    SYS$config
            00005d1a    ___pinit__
            00005d1a    pinit
0000ba40                CLK_A_TABBEGb
            00005d20    PRD_clock
            00005d20    _PRD_clock
            00005d22    CLK_NULL
            00005d24    TRC_cinit
            00005d25    TRC_R_mask
            00005d25    _TRC_R_mask
            00005d26    GBL_initdone
0000c34f                CLK_PRD
0000c34f                _CLK_PRD
0000c350                CLK_COUNTSPMS
0000c350                CLK_HTIMEPERLTIME
0000c350                _CLK_COUNTSPMS
0000dbef                GBL_TRCMASKVALUE
0000ff00                HWI_A_VECS
0000ff00                hwi0
0000ff08                hwi1
0000ff10                hwi2
0000ff18                hwi3
0000ff20                hwi4
0000ff28                hwi5
0000ff30                hwi6
0000ff38                hwi7
0000ff40                hwi8
0000ff48                hwi9
0000ff50                hwi10
0000ff58                hwi11
0000ff60                hwi12
0000ff68                hwi13
0000ff70                hwi14
0000ff78                hwi15
0000ff80                hwi16
0000ff88                hwi17
0000ff90                hwi18
0000ff98                hwi19
0000ffa0                hwi20
0000ffa8                hwi21
0000ffb0                hwi22
0000ffb8                hwi23
0000ffc0                hwi24
0000ffc8                hwi25
0000ffd0                hwi26
0000ffd8                hwi27
0000ffe0                hwi28
0000ffe8                hwi29
0000fff0                hwi30
0000fff8                hwi31
000186a0                CLK_LTIMEMULT
000186a0                GBL_FREQ
00f80000                GBL_CACHEICRTAG1
00f81000                GBL_CACHEICRTAG2
ffffffff                SARAM
ffffffff                VECT
ffffffff                _SARAM
ffffffff                _VECT
ffffffff                ___binit__
ffffffff                ___c_args__
ffffffff                binit

[951 symbols]
